2026-08-13 09:05:24,377 [INFO] [aegis_speedrunner] -> ================================================================================
2026-08-13 09:05:24,377 [INFO] [aegis_speedrunner] -> 🚀 Initializing Data Extraction Pipeline Engine: [aegis_speedrunner]
2026-08-13 09:05:24,377 [INFO] [aegis_speedrunner] -> ================================================================================
  2026-08-13 09:05:24,377 [INFO] [aegis_speedrunner] -> 🟩 Speedrunner data profiles match registry definitions. Scraping skipped.
2026-08-13 16:46:33,437 [INFO] [aegis_speedrunner] -> ================================================================================
2026-08-13 16:46:33,437 [INFO] [aegis_speedrunner] -> 🚀 Initializing Data Extraction Pipeline Engine: [aegis_speedrunner]
2026-08-13 16:46:33,438 [INFO] [aegis_speedrunner] -> ================================================================================
  2026-08-13 16:46:33,438 [INFO] [aegis_speedrunner] -> 🟩 Speedrunner data profiles match registry definitions. Scraping skipped.
2026-08-14 01:11:39,158 [INFO] [aegis_speedrunner] -> ================================================================================
2026-08-14 01:11:39,158 [INFO] [aegis_speedrunner] -> 🚀 Initializing Data Extraction Pipeline Engine: [aegis_speedrunner]
2026-08-14 01:11:39,158 [INFO] [aegis_speedrunner] -> ================================================================================
  2026-08-14 01:11:39,158 [INFO] [aegis_speedrunner] -> 🟩 Speedrunner data profiles match registry definitions. Scraping skipped.
2026-08-14 08:59:33,073 [INFO] [aegis_speedrunner] -> ================================================================================
2026-08-14 08:59:33,073 [INFO] [aegis_speedrunner] -> 🚀 Initializing Data Extraction Pipeline Engine: [aegis_speedrunner]
2026-08-14 08:59:33,073 [INFO] [aegis_speedrunner] -> ================================================================================
  2026-08-14 08:59:33,073 [INFO] [aegis_speedrunner] -> 🟩 Speedrunner data profiles match registry definitions. Scraping skipped.
2026-08-14 16:41:38,628 [INFO] [aegis_speedrunner] -> ================================================================================
2026-08-14 16:41:38,628 [INFO] [aegis_speedrunner] -> 🚀 Initializing Data Extraction Pipeline Engine: [aegis_speedrunner]
2026-08-14 16:41:38,628 [INFO] [aegis_speedrunner] -> ================================================================================
  2026-08-14 16:41:38,628 [INFO] [aegis_speedrunner] -> 🟩 Speedrunner data profiles match registry definitions. Scraping skipped.
2026-08-15 00:43:59,300 [INFO] [aegis_speedrunner] -> ================================================================================
2026-08-15 00:43:59,300 [INFO] [aegis_speedrunner] -> 🚀 Initializing Data Extraction Pipeline Engine: [aegis_speedrunner]
2026-08-15 00:43:59,300 [INFO] [aegis_speedrunner] -> ================================================================================
  2026-08-15 00:43:59,301 [INFO] [aegis_speedrunner] -> ⚙️ Extracting speedrunner rows from source asset: workbooks_downloaded/aegis_speedrunner_weapons.csv
  2026-08-15 00:43:59,324 [INFO] [aegis_speedrunner] -> 🎉 Successfully compiled speedrunner down to cache: spreadsheets_scraped_data/aegis_speedrunner_spreadsheet_data_scraped.json
  2026-08-15 00:43:59,325 [INFO] [aegis_speedrunner] -> ✅ Registry synchronization update flags reset to False for elements: ['Weapons']
2026-08-15 08:16:44,891 [INFO] [aegis_speedrunner] -> ================================================================================
2026-08-15 08:16:44,891 [INFO] [aegis_speedrunner] -> 🚀 Initializing Data Extraction Pipeline Engine: [aegis_speedrunner]
2026-08-15 08:16:44,891 [INFO] [aegis_speedrunner] -> ================================================================================
  2026-08-15 08:16:44,891 [INFO] [aegis_speedrunner] -> 🟩 Speedrunner data profiles match registry definitions. Scraping skipped.
2026-08-15 16:13:55,428 [INFO] [aegis_speedrunner] -> ================================================================================
2026-08-15 16:13:55,428 [INFO] [aegis_speedrunner] -> 🚀 Initializing Data Extraction Pipeline Engine: [aegis_speedrunner]
2026-08-15 16:13:55,428 [INFO] [aegis_speedrunner] -> ================================================================================
  2026-08-15 16:13:55,428 [INFO] [aegis_speedrunner] -> 🟩 Speedrunner data profiles match registry definitions. Scraping skipped.
2026-08-16 00:46:35,819 [INFO] [aegis_speedrunner] -> ================================================================================
2026-08-16 00:46:35,819 [INFO] [aegis_speedrunner] -> 🚀 Initializing Data Extraction Pipeline Engine: [aegis_speedrunner]
2026-08-16 00:46:35,819 [INFO] [aegis_speedrunner] -> ================================================================================
  2026-08-16 00:46:35,820 [INFO] [aegis_speedrunner] -> ⚙️ Extracting speedrunner rows from source asset: workbooks_downloaded/aegis_speedrunner_weapons.csv
  2026-08-16 00:46:35,876 [INFO] [aegis_speedrunner] -> 🎉 Successfully compiled speedrunner down to cache: spreadsheets_scraped_data/aegis_speedrunner_spreadsheet_data_scraped.json
  2026-08-16 00:46:35,877 [INFO] [aegis_speedrunner] -> ✅ Registry synchronization update flags reset to False for elements: ['Weapons']
2026-08-16 08:18:31,426 [INFO] [aegis_speedrunner] -> ================================================================================
2026-08-16 08:18:31,427 [INFO] [aegis_speedrunner] -> 🚀 Initializing Data Extraction Pipeline Engine: [aegis_speedrunner]
2026-08-16 08:18:31,427 [INFO] [aegis_speedrunner] -> ================================================================================
  2026-08-16 08:18:31,427 [INFO] [aegis_speedrunner] -> 🟩 Speedrunner data profiles match registry definitions. Scraping skipped.
2026-08-16 16:14:08,528 [INFO] [aegis_speedrunner] -> ================================================================================
2026-08-16 16:14:08,529 [INFO] [aegis_speedrunner] -> 🚀 Initializing Data Extraction Pipeline Engine: [aegis_speedrunner]
2026-08-16 16:14:08,529 [INFO] [aegis_speedrunner] -> ================================================================================
  2026-08-16 16:14:08,529 [INFO] [aegis_speedrunner] -> 🟩 Speedrunner data profiles match registry definitions. Scraping skipped.
2026-08-17 00:43:45,277 [INFO] [aegis_speedrunner] -> ================================================================================
2026-08-17 00:43:45,277 [INFO] [aegis_speedrunner] -> 🚀 Initializing Data Extraction Pipeline Engine: [aegis_speedrunner]
2026-08-17 00:43:45,277 [INFO] [aegis_speedrunner] -> ================================================================================
  2026-08-17 00:43:45,277 [INFO] [aegis_speedrunner] -> 🟩 Speedrunner data profiles match registry definitions. Scraping skipped.
2026-08-17 08:33:02,405 [INFO] [aegis_speedrunner] -> ================================================================================
2026-08-17 08:33:02,405 [INFO] [aegis_speedrunner] -> 🚀 Initializing Data Extraction Pipeline Engine: [aegis_speedrunner]
2026-08-17 08:33:02,405 [INFO] [aegis_speedrunner] -> ================================================================================
  2026-08-17 08:33:02,406 [INFO] [aegis_speedrunner] -> 🟩 Speedrunner data profiles match registry definitions. Scraping skipped.
2026-08-17 16:17:00,824 [INFO] [aegis_speedrunner] -> ================================================================================
2026-08-17 16:17:00,824 [INFO] [aegis_speedrunner] -> 🚀 Initializing Data Extraction Pipeline Engine: [aegis_speedrunner]
2026-08-17 16:17:00,824 [INFO] [aegis_speedrunner] -> ================================================================================
  2026-08-17 16:17:00,824 [INFO] [aegis_speedrunner] -> 🟩 Speedrunner data profiles match registry definitions. Scraping skipped.
2026-08-18 00:43:09,968 [INFO] [aegis_speedrunner] -> ================================================================================
2026-08-18 00:43:09,968 [INFO] [aegis_speedrunner] -> 🚀 Initializing Data Extraction Pipeline Engine: [aegis_speedrunner]
2026-08-18 00:43:09,968 [INFO] [aegis_speedrunner] -> ================================================================================
  2026-08-18 00:43:09,968 [INFO] [aegis_speedrunner] -> 🟩 Speedrunner data profiles match registry definitions. Scraping skipped.
2026-08-18 08:25:02,608 [INFO] [aegis_speedrunner] -> ================================================================================
2026-08-18 08:25:02,608 [INFO] [aegis_speedrunner] -> 🚀 Initializing Data Extraction Pipeline Engine: [aegis_speedrunner]
2026-08-18 08:25:02,608 [INFO] [aegis_speedrunner] -> ================================================================================
  2026-08-18 08:25:02,608 [INFO] [aegis_speedrunner] -> 🟩 Speedrunner data profiles match registry definitions. Scraping skipped.
2026-08-18 16:20:28,657 [INFO] [aegis_speedrunner] -> ================================================================================
2026-08-18 16:20:28,657 [INFO] [aegis_speedrunner] -> 🚀 Initializing Data Extraction Pipeline Engine: [aegis_speedrunner]
2026-08-18 16:20:28,657 [INFO] [aegis_speedrunner] -> ================================================================================
  2026-08-18 16:20:28,657 [INFO] [aegis_speedrunner] -> 🟩 Speedrunner data profiles match registry definitions. Scraping skipped.
2026-08-19 00:43:29,113 [INFO] [aegis_speedrunner] -> ================================================================================
2026-08-19 00:43:29,113 [INFO] [aegis_speedrunner] -> 🚀 Initializing Data Extraction Pipeline Engine: [aegis_speedrunner]
2026-08-19 00:43:29,113 [INFO] [aegis_speedrunner] -> ================================================================================
  2026-08-19 00:43:29,113 [INFO] [aegis_speedrunner] -> 🟩 Speedrunner data profiles match registry definitions. Scraping skipped.
2026-08-19 08:25:48,763 [INFO] [aegis_speedrunner] -> ================================================================================
2026-08-19 08:25:48,764 [INFO] [aegis_speedrunner] -> 🚀 Initializing Data Extraction Pipeline Engine: [aegis_speedrunner]
2026-08-19 08:25:48,764 [INFO] [aegis_speedrunner] -> ================================================================================
  2026-08-19 08:25:48,764 [INFO] [aegis_speedrunner] -> 🟩 Speedrunner data profiles match registry definitions. Scraping skipped.
2026-08-19 16:20:38,926 [INFO] [aegis_speedrunner] -> ================================================================================
2026-08-19 16:20:38,926 [INFO] [aegis_speedrunner] -> 🚀 Initializing Data Extraction Pipeline Engine: [aegis_speedrunner]
2026-08-19 16:20:38,926 [INFO] [aegis_speedrunner] -> ================================================================================
  2026-08-19 16:20:38,926 [INFO] [aegis_speedrunner] -> 🟩 Speedrunner data profiles match registry definitions. Scraping skipped.
2026-08-20 00:43:03,218 [INFO] [aegis_speedrunner] -> ================================================================================
2026-08-20 00:43:03,218 [INFO] [aegis_speedrunner] -> 🚀 Initializing Data Extraction Pipeline Engine: [aegis_speedrunner]
2026-08-20 00:43:03,218 [INFO] [aegis_speedrunner] -> ================================================================================
  2026-08-20 00:43:03,218 [INFO] [aegis_speedrunner] -> 🟩 Speedrunner data profiles match registry definitions. Scraping skipped.
2026-08-20 08:27:22,402 [INFO] [aegis_speedrunner] -> ================================================================================
2026-08-20 08:27:22,402 [INFO] [aegis_speedrunner] -> 🚀 Initializing Data Extraction Pipeline Engine: [aegis_speedrunner]
2026-08-20 08:27:22,402 [INFO] [aegis_speedrunner] -> ================================================================================
  2026-08-20 08:27:22,403 [INFO] [aegis_speedrunner] -> 🟩 Speedrunner data profiles match registry definitions. Scraping skipped.
2026-08-20 16:23:40,363 [INFO] [aegis_speedrunner] -> ================================================================================
2026-08-20 16:23:40,364 [INFO] [aegis_speedrunner] -> 🚀 Initializing Data Extraction Pipeline Engine: [aegis_speedrunner]
2026-08-20 16:23:40,364 [INFO] [aegis_speedrunner] -> ================================================================================
  2026-08-20 16:23:40,364 [INFO] [aegis_speedrunner] -> 🟩 Speedrunner data profiles match registry definitions. Scraping skipped.
2026-08-21 00:47:36,525 [INFO] [aegis_speedrunner] -> ================================================================================
2026-08-21 00:47:36,525 [INFO] [aegis_speedrunner] -> 🚀 Initializing Data Extraction Pipeline Engine: [aegis_speedrunner]
2026-08-21 00:47:36,525 [INFO] [aegis_speedrunner] -> ================================================================================
  2026-08-21 00:47:36,525 [INFO] [aegis_speedrunner] -> 🟩 Speedrunner data profiles match registry definitions. Scraping skipped.
2026-08-21 08:28:55,866 [INFO] [aegis_speedrunner] -> ================================================================================
2026-08-21 08:28:55,866 [INFO] [aegis_speedrunner] -> 🚀 Initializing Data Extraction Pipeline Engine: [aegis_speedrunner]
2026-08-21 08:28:55,866 [INFO] [aegis_speedrunner] -> ================================================================================
  2026-08-21 08:28:55,867 [INFO] [aegis_speedrunner] -> 🟩 Speedrunner data profiles match registry definitions. Scraping skipped.
2026-08-21 16:21:47,394 [INFO] [aegis_speedrunner] -> ================================================================================
2026-08-21 16:21:47,394 [INFO] [aegis_speedrunner] -> 🚀 Initializing Data Extraction Pipeline Engine: [aegis_speedrunner]
2026-08-21 16:21:47,394 [INFO] [aegis_speedrunner] -> ================================================================================
  2026-08-21 16:21:47,394 [INFO] [aegis_speedrunner] -> 🟩 Speedrunner data profiles match registry definitions. Scraping skipped.
2026-08-22 00:43:28,308 [INFO] [aegis_speedrunner] -> ================================================================================
2026-08-22 00:43:28,308 [INFO] [aegis_speedrunner] -> 🚀 Initializing Data Extraction Pipeline Engine: [aegis_speedrunner]
2026-08-22 00:43:28,308 [INFO] [aegis_speedrunner] -> ================================================================================
  2026-08-22 00:43:28,308 [INFO] [aegis_speedrunner] -> 🟩 Speedrunner data profiles match registry definitions. Scraping skipped.
2026-08-22 08:18:15,255 [INFO] [aegis_speedrunner] -> ================================================================================
2026-08-22 08:18:15,255 [INFO] [aegis_speedrunner] -> 🚀 Initializing Data Extraction Pipeline Engine: [aegis_speedrunner]
2026-08-22 08:18:15,255 [INFO] [aegis_speedrunner] -> ================================================================================
  2026-08-22 08:18:15,255 [INFO] [aegis_speedrunner] -> 🟩 Speedrunner data profiles match registry definitions. Scraping skipped.
2026-08-22 16:13:09,456 [INFO] [aegis_speedrunner] -> ================================================================================
2026-08-22 16:13:09,456 [INFO] [aegis_speedrunner] -> 🚀 Initializing Data Extraction Pipeline Engine: [aegis_speedrunner]
2026-08-22 16:13:09,456 [INFO] [aegis_speedrunner] -> ================================================================================
  2026-08-22 16:13:09,456 [INFO] [aegis_speedrunner] -> 🟩 Speedrunner data profiles match registry definitions. Scraping skipped.
2026-08-23 00:47:54,151 [INFO] [aegis_speedrunner] -> ================================================================================
2026-08-23 00:47:54,152 [INFO] [aegis_speedrunner] -> 🚀 Initializing Data Extraction Pipeline Engine: [aegis_speedrunner]
2026-08-23 00:47:54,152 [INFO] [aegis_speedrunner] -> ================================================================================
  2026-08-23 00:47:54,152 [INFO] [aegis_speedrunner] -> 🟩 Speedrunner data profiles match registry definitions. Scraping skipped.
2026-08-23 08:19:30,110 [INFO] [aegis_speedrunner] -> ================================================================================
2026-08-23 08:19:30,110 [INFO] [aegis_speedrunner] -> 🚀 Initializing Data Extraction Pipeline Engine: [aegis_speedrunner]
2026-08-23 08:19:30,110 [INFO] [aegis_speedrunner] -> ================================================================================
  2026-08-23 08:19:30,110 [INFO] [aegis_speedrunner] -> 🟩 Speedrunner data profiles match registry definitions. Scraping skipped.
2026-08-23 16:14:20,221 [INFO] [aegis_speedrunner] -> ================================================================================
2026-08-23 16:14:20,221 [INFO] [aegis_speedrunner] -> 🚀 Initializing Data Extraction Pipeline Engine: [aegis_speedrunner]
2026-08-23 16:14:20,221 [INFO] [aegis_speedrunner] -> ================================================================================
  2026-08-23 16:14:20,221 [INFO] [aegis_speedrunner] -> 🟩 Speedrunner data profiles match registry definitions. Scraping skipped.
2026-08-24 00:45:17,774 [INFO] [aegis_speedrunner] -> ================================================================================
2026-08-24 00:45:17,774 [INFO] [aegis_speedrunner] -> 🚀 Initializing Data Extraction Pipeline Engine: [aegis_speedrunner]
2026-08-24 00:45:17,774 [INFO] [aegis_speedrunner] -> ================================================================================
  2026-08-24 00:45:17,775 [INFO] [aegis_speedrunner] -> 🟩 Speedrunner data profiles match registry definitions. Scraping skipped.
2026-08-24 08:37:30,809 [INFO] [aegis_speedrunner] -> ================================================================================
2026-08-24 08:37:30,809 [INFO] [aegis_speedrunner] -> 🚀 Initializing Data Extraction Pipeline Engine: [aegis_speedrunner]
2026-08-24 08:37:30,809 [INFO] [aegis_speedrunner] -> ================================================================================
  2026-08-24 08:37:30,809 [INFO] [aegis_speedrunner] -> 🟩 Speedrunner data profiles match registry definitions. Scraping skipped.
2026-08-24 16:24:59,892 [INFO] [aegis_speedrunner] -> ================================================================================
2026-08-24 16:24:59,893 [INFO] [aegis_speedrunner] -> 🚀 Initializing Data Extraction Pipeline Engine: [aegis_speedrunner]
2026-08-24 16:24:59,893 [INFO] [aegis_speedrunner] -> ================================================================================
  2026-08-24 16:24:59,893 [INFO] [aegis_speedrunner] -> 🟩 Speedrunner data profiles match registry definitions. Scraping skipped.
2026-08-25 00:44:39,890 [INFO] [aegis_speedrunner] -> ================================================================================
2026-08-25 00:44:39,890 [INFO] [aegis_speedrunner] -> 🚀 Initializing Data Extraction Pipeline Engine: [aegis_speedrunner]
2026-08-25 00:44:39,890 [INFO] [aegis_speedrunner] -> ================================================================================
  2026-08-25 00:44:39,890 [INFO] [aegis_speedrunner] -> 🟩 Speedrunner data profiles match registry definitions. Scraping skipped.
2026-08-25 08:31:36,181 [INFO] [aegis_speedrunner] -> ================================================================================
2026-08-25 08:31:36,181 [INFO] [aegis_speedrunner] -> 🚀 Initializing Data Extraction Pipeline Engine: [aegis_speedrunner]
2026-08-25 08:31:36,181 [INFO] [aegis_speedrunner] -> ================================================================================
  2026-08-25 08:31:36,182 [INFO] [aegis_speedrunner] -> 🟩 Speedrunner data profiles match registry definitions. Scraping skipped.
2026-08-25 16:25:55,606 [INFO] [aegis_speedrunner] -> ================================================================================
2026-08-25 16:25:55,606 [INFO] [aegis_speedrunner] -> 🚀 Initializing Data Extraction Pipeline Engine: [aegis_speedrunner]
2026-08-25 16:25:55,606 [INFO] [aegis_speedrunner] -> ================================================================================
  2026-08-25 16:25:55,606 [INFO] [aegis_speedrunner] -> 🟩 Speedrunner data profiles match registry definitions. Scraping skipped.
2026-08-26 00:46:11,305 [INFO] [aegis_speedrunner] -> ================================================================================
2026-08-26 00:46:11,305 [INFO] [aegis_speedrunner] -> 🚀 Initializing Data Extraction Pipeline Engine: [aegis_speedrunner]
2026-08-26 00:46:11,305 [INFO] [aegis_speedrunner] -> ================================================================================
  2026-08-26 00:46:11,305 [INFO] [aegis_speedrunner] -> 🟩 Speedrunner data profiles match registry definitions. Scraping skipped.
2026-08-26 08:32:53,127 [INFO] [aegis_speedrunner] -> ================================================================================
2026-08-26 08:32:53,128 [INFO] [aegis_speedrunner] -> 🚀 Initializing Data Extraction Pipeline Engine: [aegis_speedrunner]
2026-08-26 08:32:53,128 [INFO] [aegis_speedrunner] -> ================================================================================
  2026-08-26 08:32:53,128 [INFO] [aegis_speedrunner] -> 🟩 Speedrunner data profiles match registry definitions. Scraping skipped.
2026-08-26 16:42:02,554 [INFO] [aegis_speedrunner] -> ================================================================================
2026-08-26 16:42:02,554 [INFO] [aegis_speedrunner] -> 🚀 Initializing Data Extraction Pipeline Engine: [aegis_speedrunner]
2026-08-26 16:42:02,554 [INFO] [aegis_speedrunner] -> ================================================================================
  2026-08-26 16:42:02,555 [INFO] [aegis_speedrunner] -> 🟩 Speedrunner data profiles match registry definitions. Scraping skipped.
2026-08-27 05:57:16,170 [INFO] [aegis_speedrunner] -> ================================================================================
2026-08-27 05:57:16,170 [INFO] [aegis_speedrunner] -> 🚀 Initializing Data Extraction Pipeline Engine: [aegis_speedrunner]
2026-08-27 05:57:16,170 [INFO] [aegis_speedrunner] -> ================================================================================
  2026-08-27 05:57:16,170 [INFO] [aegis_speedrunner] -> 🟩 Speedrunner data profiles match registry definitions. Scraping skipped.
2026-08-27 18:39:27,004 [INFO] [aegis_speedrunner] -> ================================================================================
2026-08-27 18:39:27,005 [INFO] [aegis_speedrunner] -> 🚀 Initializing Data Extraction Pipeline Engine: [aegis_speedrunner]
2026-08-27 18:39:27,005 [INFO] [aegis_speedrunner] -> ================================================================================
  2026-08-27 18:39:27,005 [INFO] [aegis_speedrunner] -> 🟩 Speedrunner data profiles match registry definitions. Scraping skipped.
2026-08-28 08:08:57,309 [INFO] [aegis_speedrunner] -> ================================================================================
2026-08-28 08:08:57,309 [INFO] [aegis_speedrunner] -> 🚀 Initializing Data Extraction Pipeline Engine: [aegis_speedrunner]
2026-08-28 08:08:57,309 [INFO] [aegis_speedrunner] -> ================================================================================
  2026-08-28 08:08:57,310 [INFO] [aegis_speedrunner] -> 🟩 Speedrunner data profiles match registry definitions. Scraping skipped.
2026-08-29 00:16:14,881 [INFO] [aegis_speedrunner] -> ================================================================================
2026-08-29 00:16:14,881 [INFO] [aegis_speedrunner] -> 🚀 Initializing Data Extraction Pipeline Engine: [aegis_speedrunner]
2026-08-29 00:16:14,881 [INFO] [aegis_speedrunner] -> ================================================================================
  2026-08-29 00:16:14,881 [INFO] [aegis_speedrunner] -> 🟩 Speedrunner data profiles match registry definitions. Scraping skipped.
2026-08-29 13:29:32,935 [INFO] [aegis_speedrunner] -> ================================================================================
2026-08-29 13:29:32,936 [INFO] [aegis_speedrunner] -> 🚀 Initializing Data Extraction Pipeline Engine: [aegis_speedrunner]
2026-08-29 13:29:32,936 [INFO] [aegis_speedrunner] -> ================================================================================
  2026-08-29 13:29:32,936 [INFO] [aegis_speedrunner] -> 🟩 Speedrunner data profiles match registry definitions. Scraping skipped.
2026-08-29 19:01:38,160 [INFO] [aegis_speedrunner] -> ================================================================================
2026-08-29 19:01:38,161 [INFO] [aegis_speedrunner] -> 🚀 Initializing Data Extraction Pipeline Engine: [aegis_speedrunner]
2026-08-29 19:01:38,161 [INFO] [aegis_speedrunner] -> ================================================================================
  2026-08-29 19:01:38,161 [INFO] [aegis_speedrunner] -> 🟩 Speedrunner data profiles match registry definitions. Scraping skipped.
2026-08-30 02:39:55,644 [INFO] [aegis_speedrunner] -> ================================================================================
2026-08-30 02:39:55,644 [INFO] [aegis_speedrunner] -> 🚀 Initializing Data Extraction Pipeline Engine: [aegis_speedrunner]
2026-08-30 02:39:55,644 [INFO] [aegis_speedrunner] -> ================================================================================
  2026-08-30 02:39:55,644 [INFO] [aegis_speedrunner] -> 🟩 Speedrunner data profiles match registry definitions. Scraping skipped.
2026-08-30 13:26:02,401 [INFO] [aegis_speedrunner] -> ================================================================================
2026-08-30 13:26:02,401 [INFO] [aegis_speedrunner] -> 🚀 Initializing Data Extraction Pipeline Engine: [aegis_speedrunner]
2026-08-30 13:26:02,401 [INFO] [aegis_speedrunner] -> ================================================================================
  2026-08-30 13:26:02,402 [INFO] [aegis_speedrunner] -> 🟩 Speedrunner data profiles match registry definitions. Scraping skipped.
2026-08-30 18:56:45,950 [INFO] [aegis_speedrunner] -> ================================================================================
2026-08-30 18:56:45,951 [INFO] [aegis_speedrunner] -> 🚀 Initializing Data Extraction Pipeline Engine: [aegis_speedrunner]
2026-08-30 18:56:45,951 [INFO] [aegis_speedrunner] -> ================================================================================
  2026-08-30 18:56:45,951 [INFO] [aegis_speedrunner] -> 🟩 Speedrunner data profiles match registry definitions. Scraping skipped.
2026-08-31 02:33:38,678 [INFO] [aegis_speedrunner] -> ================================================================================
2026-08-31 02:33:38,678 [INFO] [aegis_speedrunner] -> 🚀 Initializing Data Extraction Pipeline Engine: [aegis_speedrunner]
2026-08-31 02:33:38,678 [INFO] [aegis_speedrunner] -> ================================================================================
  2026-08-31 02:33:38,678 [INFO] [aegis_speedrunner] -> 🟩 Speedrunner data profiles match registry definitions. Scraping skipped.
2026-08-31 15:42:08,857 [INFO] [aegis_speedrunner] -> ================================================================================
2026-08-31 15:42:08,857 [INFO] [aegis_speedrunner] -> 🚀 Initializing Data Extraction Pipeline Engine: [aegis_speedrunner]
2026-08-31 15:42:08,857 [INFO] [aegis_speedrunner] -> ================================================================================
  2026-08-31 15:42:08,858 [INFO] [aegis_speedrunner] -> 🟩 Speedrunner data profiles match registry definitions. Scraping skipped.
2026-08-31 21:13:50,116 [INFO] [aegis_speedrunner] -> ================================================================================
2026-08-31 21:13:50,116 [INFO] [aegis_speedrunner] -> 🚀 Initializing Data Extraction Pipeline Engine: [aegis_speedrunner]
2026-08-31 21:13:50,116 [INFO] [aegis_speedrunner] -> ================================================================================
  2026-08-31 21:13:50,116 [INFO] [aegis_speedrunner] -> 🟩 Speedrunner data profiles match registry definitions. Scraping skipped.
2026-09-01 02:47:38,931 [INFO] [aegis_speedrunner] -> ================================================================================
2026-09-01 02:47:38,931 [INFO] [aegis_speedrunner] -> 🚀 Initializing Data Extraction Pipeline Engine: [aegis_speedrunner]
2026-09-01 02:47:38,931 [INFO] [aegis_speedrunner] -> ================================================================================
  2026-09-01 02:47:38,931 [INFO] [aegis_speedrunner] -> 🟩 Speedrunner data profiles match registry definitions. Scraping skipped.
2026-09-01 12:53:56,698 [INFO] [aegis_speedrunner] -> ================================================================================
2026-09-01 12:53:56,698 [INFO] [aegis_speedrunner] -> 🚀 Initializing Data Extraction Pipeline Engine: [aegis_speedrunner]
2026-09-01 12:53:56,699 [INFO] [aegis_speedrunner] -> ================================================================================
  2026-09-01 12:53:56,699 [INFO] [aegis_speedrunner] -> 🟩 Speedrunner data profiles match registry definitions. Scraping skipped.
2026-09-01 19:02:39,117 [INFO] [aegis_speedrunner] -> ================================================================================
2026-09-01 19:02:39,117 [INFO] [aegis_speedrunner] -> 🚀 Initializing Data Extraction Pipeline Engine: [aegis_speedrunner]
2026-09-01 19:02:39,117 [INFO] [aegis_speedrunner] -> ================================================================================
  2026-09-01 19:02:39,117 [INFO] [aegis_speedrunner] -> 🟩 Speedrunner data profiles match registry definitions. Scraping skipped.
2026-09-02 02:08:03,968 [INFO] [aegis_speedrunner] -> ================================================================================
2026-09-02 02:08:03,968 [INFO] [aegis_speedrunner] -> 🚀 Initializing Data Extraction Pipeline Engine: [aegis_speedrunner]
2026-09-02 02:08:03,969 [INFO] [aegis_speedrunner] -> ================================================================================
  2026-09-02 02:08:03,969 [INFO] [aegis_speedrunner] -> 🟩 Speedrunner data profiles match registry definitions. Scraping skipped.
2026-09-02 12:24:50,861 [INFO] [aegis_speedrunner] -> ================================================================================
2026-09-02 12:24:50,861 [INFO] [aegis_speedrunner] -> 🚀 Initializing Data Extraction Pipeline Engine: [aegis_speedrunner]
2026-09-02 12:24:50,861 [INFO] [aegis_speedrunner] -> ================================================================================
  2026-09-02 12:24:50,861 [INFO] [aegis_speedrunner] -> 🟩 Speedrunner data profiles match registry definitions. Scraping skipped.
2026-09-02 19:07:06,109 [INFO] [aegis_speedrunner] -> ================================================================================
2026-09-02 19:07:06,109 [INFO] [aegis_speedrunner] -> 🚀 Initializing Data Extraction Pipeline Engine: [aegis_speedrunner]
2026-09-02 19:07:06,109 [INFO] [aegis_speedrunner] -> ================================================================================
  2026-09-02 19:07:06,110 [INFO] [aegis_speedrunner] -> 🟩 Speedrunner data profiles match registry definitions. Scraping skipped.
2026-09-03 02:14:35,412 [INFO] [aegis_speedrunner] -> ================================================================================
2026-09-03 02:14:35,412 [INFO] [aegis_speedrunner] -> 🚀 Initializing Data Extraction Pipeline Engine: [aegis_speedrunner]
2026-09-03 02:14:35,412 [INFO] [aegis_speedrunner] -> ================================================================================
  2026-09-03 02:14:35,412 [INFO] [aegis_speedrunner] -> 🟩 Speedrunner data profiles match registry definitions. Scraping skipped.
2026-09-03 12:23:20,961 [INFO] [aegis_speedrunner] -> ================================================================================
2026-09-03 12:23:20,961 [INFO] [aegis_speedrunner] -> 🚀 Initializing Data Extraction Pipeline Engine: [aegis_speedrunner]
2026-09-03 12:23:20,961 [INFO] [aegis_speedrunner] -> ================================================================================
  2026-09-03 12:23:20,961 [INFO] [aegis_speedrunner] -> 🟩 Speedrunner data profiles match registry definitions. Scraping skipped.
2026-09-03 18:59:29,457 [INFO] [aegis_speedrunner] -> ================================================================================
2026-09-03 18:59:29,457 [INFO] [aegis_speedrunner] -> 🚀 Initializing Data Extraction Pipeline Engine: [aegis_speedrunner]
2026-09-03 18:59:29,457 [INFO] [aegis_speedrunner] -> ================================================================================
  2026-09-03 18:59:29,457 [INFO] [aegis_speedrunner] -> 🟩 Speedrunner data profiles match registry definitions. Scraping skipped.
2026-09-04 02:10:16,835 [INFO] [aegis_speedrunner] -> ================================================================================
2026-09-04 02:10:16,835 [INFO] [aegis_speedrunner] -> 🚀 Initializing Data Extraction Pipeline Engine: [aegis_speedrunner]
2026-09-04 02:10:16,835 [INFO] [aegis_speedrunner] -> ================================================================================
  2026-09-04 02:10:16,836 [INFO] [aegis_speedrunner] -> 🟩 Speedrunner data profiles match registry definitions. Scraping skipped.
2026-09-04 12:23:14,348 [INFO] [aegis_speedrunner] -> ================================================================================
2026-09-04 12:23:14,348 [INFO] [aegis_speedrunner] -> 🚀 Initializing Data Extraction Pipeline Engine: [aegis_speedrunner]
2026-09-04 12:23:14,348 [INFO] [aegis_speedrunner] -> ================================================================================
  2026-09-04 12:23:14,349 [INFO] [aegis_speedrunner] -> 🟩 Speedrunner data profiles match registry definitions. Scraping skipped.
2026-09-04 18:43:21,357 [INFO] [aegis_speedrunner] -> ================================================================================
2026-09-04 18:43:21,357 [INFO] [aegis_speedrunner] -> 🚀 Initializing Data Extraction Pipeline Engine: [aegis_speedrunner]
2026-09-04 18:43:21,357 [INFO] [aegis_speedrunner] -> ================================================================================
  2026-09-04 18:43:21,357 [INFO] [aegis_speedrunner] -> 🟩 Speedrunner data profiles match registry definitions. Scraping skipped.
2026-09-05 02:10:37,804 [INFO] [aegis_speedrunner] -> ================================================================================
2026-09-05 02:10:37,804 [INFO] [aegis_speedrunner] -> 🚀 Initializing Data Extraction Pipeline Engine: [aegis_speedrunner]
2026-09-05 02:10:37,804 [INFO] [aegis_speedrunner] -> ================================================================================
  2026-09-05 02:10:37,804 [INFO] [aegis_speedrunner] -> 🟩 Speedrunner data profiles match registry definitions. Scraping skipped.
2026-09-05 11:29:58,520 [INFO] [aegis_speedrunner] -> ================================================================================
2026-09-05 11:29:58,520 [INFO] [aegis_speedrunner] -> 🚀 Initializing Data Extraction Pipeline Engine: [aegis_speedrunner]
2026-09-05 11:29:58,520 [INFO] [aegis_speedrunner] -> ================================================================================
  2026-09-05 11:29:58,520 [INFO] [aegis_speedrunner] -> 🟩 Speedrunner data profiles match registry definitions. Scraping skipped.
2026-09-05 17:49:19,720 [INFO] [aegis_speedrunner] -> ================================================================================
2026-09-05 17:49:19,720 [INFO] [aegis_speedrunner] -> 🚀 Initializing Data Extraction Pipeline Engine: [aegis_speedrunner]
2026-09-05 17:49:19,720 [INFO] [aegis_speedrunner] -> ================================================================================
  2026-09-05 17:49:19,721 [INFO] [aegis_speedrunner] -> 🟩 Speedrunner data profiles match registry definitions. Scraping skipped.
2026-09-06 02:06:00,706 [INFO] [aegis_speedrunner] -> ================================================================================
2026-09-06 02:06:00,706 [INFO] [aegis_speedrunner] -> 🚀 Initializing Data Extraction Pipeline Engine: [aegis_speedrunner]
2026-09-06 02:06:00,706 [INFO] [aegis_speedrunner] -> ================================================================================
  2026-09-06 02:06:00,706 [INFO] [aegis_speedrunner] -> 🟩 Speedrunner data profiles match registry definitions. Scraping skipped.
2026-09-06 11:50:52,813 [INFO] [aegis_speedrunner] -> ================================================================================
2026-09-06 11:50:52,813 [INFO] [aegis_speedrunner] -> 🚀 Initializing Data Extraction Pipeline Engine: [aegis_speedrunner]
2026-09-06 11:50:52,813 [INFO] [aegis_speedrunner] -> ================================================================================
  2026-09-06 11:50:52,814 [INFO] [aegis_speedrunner] -> 🟩 Speedrunner data profiles match registry definitions. Scraping skipped.
2026-09-06 17:53:58,717 [INFO] [aegis_speedrunner] -> ================================================================================
2026-09-06 17:53:58,717 [INFO] [aegis_speedrunner] -> 🚀 Initializing Data Extraction Pipeline Engine: [aegis_speedrunner]
2026-09-06 17:53:58,717 [INFO] [aegis_speedrunner] -> ================================================================================
  2026-09-06 17:53:58,717 [INFO] [aegis_speedrunner] -> 🟩 Speedrunner data profiles match registry definitions. Scraping skipped.
2026-09-07 02:03:28,221 [INFO] [aegis_speedrunner] -> ================================================================================
2026-09-07 02:03:28,222 [INFO] [aegis_speedrunner] -> 🚀 Initializing Data Extraction Pipeline Engine: [aegis_speedrunner]
2026-09-07 02:03:28,222 [INFO] [aegis_speedrunner] -> ================================================================================
  2026-09-07 02:03:28,222 [INFO] [aegis_speedrunner] -> 🟩 Speedrunner data profiles match registry definitions. Scraping skipped.
2026-09-07 13:49:29,783 [INFO] [aegis_speedrunner] -> ================================================================================
2026-09-07 13:49:29,783 [INFO] [aegis_speedrunner] -> 🚀 Initializing Data Extraction Pipeline Engine: [aegis_speedrunner]
2026-09-07 13:49:29,783 [INFO] [aegis_speedrunner] -> ================================================================================
  2026-09-07 13:49:29,783 [INFO] [aegis_speedrunner] -> 🟩 Speedrunner data profiles match registry definitions. Scraping skipped.
2026-09-07 19:30:11,837 [INFO] [aegis_speedrunner] -> ================================================================================
2026-09-07 19:30:11,837 [INFO] [aegis_speedrunner] -> 🚀 Initializing Data Extraction Pipeline Engine: [aegis_speedrunner]
2026-09-07 19:30:11,837 [INFO] [aegis_speedrunner] -> ================================================================================
  2026-09-07 19:30:11,837 [INFO] [aegis_speedrunner] -> 🟩 Speedrunner data profiles match registry definitions. Scraping skipped.
2026-09-08 02:15:13,128 [INFO] [aegis_speedrunner] -> ================================================================================
2026-09-08 02:15:13,128 [INFO] [aegis_speedrunner] -> 🚀 Initializing Data Extraction Pipeline Engine: [aegis_speedrunner]
2026-09-08 02:15:13,128 [INFO] [aegis_speedrunner] -> ================================================================================
  2026-09-08 02:15:13,128 [INFO] [aegis_speedrunner] -> 🟩 Speedrunner data profiles match registry definitions. Scraping skipped.
2026-09-08 12:26:07,745 [INFO] [aegis_speedrunner] -> ================================================================================
2026-09-08 12:26:07,745 [INFO] [aegis_speedrunner] -> 🚀 Initializing Data Extraction Pipeline Engine: [aegis_speedrunner]
2026-09-08 12:26:07,745 [INFO] [aegis_speedrunner] -> ================================================================================
  2026-09-08 12:26:07,745 [INFO] [aegis_speedrunner] -> 🟩 Speedrunner data profiles match registry definitions. Scraping skipped.
2026-09-08 19:09:36,951 [INFO] [aegis_speedrunner] -> ================================================================================
2026-09-08 19:09:36,951 [INFO] [aegis_speedrunner] -> 🚀 Initializing Data Extraction Pipeline Engine: [aegis_speedrunner]
2026-09-08 19:09:36,951 [INFO] [aegis_speedrunner] -> ================================================================================
  2026-09-08 19:09:36,951 [INFO] [aegis_speedrunner] -> 🟩 Speedrunner data profiles match registry definitions. Scraping skipped.
2026-09-09 02:18:37,939 [INFO] [aegis_speedrunner] -> ================================================================================
2026-09-09 02:18:37,939 [INFO] [aegis_speedrunner] -> 🚀 Initializing Data Extraction Pipeline Engine: [aegis_speedrunner]
2026-09-09 02:18:37,939 [INFO] [aegis_speedrunner] -> ================================================================================
  2026-09-09 02:18:37,939 [INFO] [aegis_speedrunner] -> 🟩 Speedrunner data profiles match registry definitions. Scraping skipped.
2026-09-09 12:35:11,102 [INFO] [aegis_speedrunner] -> ================================================================================
2026-09-09 12:35:11,102 [INFO] [aegis_speedrunner] -> 🚀 Initializing Data Extraction Pipeline Engine: [aegis_speedrunner]
2026-09-09 12:35:11,102 [INFO] [aegis_speedrunner] -> ================================================================================
  2026-09-09 12:35:11,102 [INFO] [aegis_speedrunner] -> 🟩 Speedrunner data profiles match registry definitions. Scraping skipped.
2026-09-09 18:57:14,755 [INFO] [aegis_speedrunner] -> ================================================================================
2026-09-09 18:57:14,755 [INFO] [aegis_speedrunner] -> 🚀 Initializing Data Extraction Pipeline Engine: [aegis_speedrunner]
2026-09-09 18:57:14,755 [INFO] [aegis_speedrunner] -> ================================================================================
  2026-09-09 18:57:14,755 [INFO] [aegis_speedrunner] -> 🟩 Speedrunner data profiles match registry definitions. Scraping skipped.
2026-09-10 02:17:06,557 [INFO] [aegis_speedrunner] -> ================================================================================
2026-09-10 02:17:06,558 [INFO] [aegis_speedrunner] -> 🚀 Initializing Data Extraction Pipeline Engine: [aegis_speedrunner]
2026-09-10 02:17:06,558 [INFO] [aegis_speedrunner] -> ================================================================================
  2026-09-10 02:17:06,558 [INFO] [aegis_speedrunner] -> 🟩 Speedrunner data profiles match registry definitions. Scraping skipped.
2026-09-10 12:31:55,821 [INFO] [aegis_speedrunner] -> ================================================================================
2026-09-10 12:31:55,821 [INFO] [aegis_speedrunner] -> 🚀 Initializing Data Extraction Pipeline Engine: [aegis_speedrunner]
2026-09-10 12:31:55,821 [INFO] [aegis_speedrunner] -> ================================================================================
  2026-09-10 12:31:55,821 [INFO] [aegis_speedrunner] -> 🟩 Speedrunner data profiles match registry definitions. Scraping skipped.
2026-09-10 18:50:29,572 [INFO] [aegis_speedrunner] -> ================================================================================
2026-09-10 18:50:29,572 [INFO] [aegis_speedrunner] -> 🚀 Initializing Data Extraction Pipeline Engine: [aegis_speedrunner]
2026-09-10 18:50:29,572 [INFO] [aegis_speedrunner] -> ================================================================================
  2026-09-10 18:50:29,572 [INFO] [aegis_speedrunner] -> 🟩 Speedrunner data profiles match registry definitions. Scraping skipped.
2026-09-11 02:13:10,675 [INFO] [aegis_speedrunner] -> ================================================================================
2026-09-11 02:13:10,676 [INFO] [aegis_speedrunner] -> 🚀 Initializing Data Extraction Pipeline Engine: [aegis_speedrunner]
2026-09-11 02:13:10,676 [INFO] [aegis_speedrunner] -> ================================================================================
  2026-09-11 02:13:10,676 [INFO] [aegis_speedrunner] -> 🟩 Speedrunner data profiles match registry definitions. Scraping skipped.
2026-09-11 12:28:26,275 [INFO] [aegis_speedrunner] -> ================================================================================
2026-09-11 12:28:26,276 [INFO] [aegis_speedrunner] -> 🚀 Initializing Data Extraction Pipeline Engine: [aegis_speedrunner]
2026-09-11 12:28:26,276 [INFO] [aegis_speedrunner] -> ================================================================================
  2026-09-11 12:28:26,276 [INFO] [aegis_speedrunner] -> 🟩 Speedrunner data profiles match registry definitions. Scraping skipped.
2026-09-11 18:53:27,296 [INFO] [aegis_speedrunner] -> ================================================================================
2026-09-11 18:53:27,296 [INFO] [aegis_speedrunner] -> 🚀 Initializing Data Extraction Pipeline Engine: [aegis_speedrunner]
2026-09-11 18:53:27,296 [INFO] [aegis_speedrunner] -> ================================================================================
  2026-09-11 18:53:27,296 [INFO] [aegis_speedrunner] -> 🟩 Speedrunner data profiles match registry definitions. Scraping skipped.
2026-09-12 02:19:33,907 [INFO] [aegis_speedrunner] -> ================================================================================
2026-09-12 02:19:33,907 [INFO] [aegis_speedrunner] -> 🚀 Initializing Data Extraction Pipeline Engine: [aegis_speedrunner]
2026-09-12 02:19:33,907 [INFO] [aegis_speedrunner] -> ================================================================================
  2026-09-12 02:19:33,907 [INFO] [aegis_speedrunner] -> 🟩 Speedrunner data profiles match registry definitions. Scraping skipped.
2026-09-12 11:49:28,240 [INFO] [aegis_speedrunner] -> ================================================================================
2026-09-12 11:49:28,240 [INFO] [aegis_speedrunner] -> 🚀 Initializing Data Extraction Pipeline Engine: [aegis_speedrunner]
2026-09-12 11:49:28,240 [INFO] [aegis_speedrunner] -> ================================================================================
  2026-09-12 11:49:28,240 [INFO] [aegis_speedrunner] -> 🟩 Speedrunner data profiles match registry definitions. Scraping skipped.
2026-09-12 17:59:23,873 [INFO] [aegis_speedrunner] -> ================================================================================
2026-09-12 17:59:23,873 [INFO] [aegis_speedrunner] -> 🚀 Initializing Data Extraction Pipeline Engine: [aegis_speedrunner]
2026-09-12 17:59:23,873 [INFO] [aegis_speedrunner] -> ================================================================================
  2026-09-12 17:59:23,873 [INFO] [aegis_speedrunner] -> 🟩 Speedrunner data profiles match registry definitions. Scraping skipped.
2026-09-13 02:17:15,011 [INFO] [aegis_speedrunner] -> ================================================================================
2026-09-13 02:17:15,011 [INFO] [aegis_speedrunner] -> 🚀 Initializing Data Extraction Pipeline Engine: [aegis_speedrunner]
2026-09-13 02:17:15,011 [INFO] [aegis_speedrunner] -> ================================================================================
  2026-09-13 02:17:15,012 [INFO] [aegis_speedrunner] -> 🟩 Speedrunner data profiles match registry definitions. Scraping skipped.
2026-09-13 12:58:36,506 [INFO] [aegis_speedrunner] -> ================================================================================
2026-09-13 12:58:36,506 [INFO] [aegis_speedrunner] -> 🚀 Initializing Data Extraction Pipeline Engine: [aegis_speedrunner]
2026-09-13 12:58:36,506 [INFO] [aegis_speedrunner] -> ================================================================================
  2026-09-13 12:58:36,506 [INFO] [aegis_speedrunner] -> 🟩 Speedrunner data profiles match registry definitions. Scraping skipped.
2026-09-13 18:26:08,858 [INFO] [aegis_speedrunner] -> ================================================================================
2026-09-13 18:26:08,858 [INFO] [aegis_speedrunner] -> 🚀 Initializing Data Extraction Pipeline Engine: [aegis_speedrunner]
2026-09-13 18:26:08,858 [INFO] [aegis_speedrunner] -> ================================================================================
  2026-09-13 18:26:08,858 [INFO] [aegis_speedrunner] -> 🟩 Speedrunner data profiles match registry definitions. Scraping skipped.
2026-09-14 02:34:31,592 [INFO] [aegis_speedrunner] -> ================================================================================
2026-09-14 02:34:31,592 [INFO] [aegis_speedrunner] -> 🚀 Initializing Data Extraction Pipeline Engine: [aegis_speedrunner]
2026-09-14 02:34:31,592 [INFO] [aegis_speedrunner] -> ================================================================================
  2026-09-14 02:34:31,592 [INFO] [aegis_speedrunner] -> 🟩 Speedrunner data profiles match registry definitions. Scraping skipped.
2026-09-14 14:35:19,910 [INFO] [aegis_speedrunner] -> ================================================================================
2026-09-14 14:35:19,910 [INFO] [aegis_speedrunner] -> 🚀 Initializing Data Extraction Pipeline Engine: [aegis_speedrunner]
2026-09-14 14:35:19,910 [INFO] [aegis_speedrunner] -> ================================================================================
  2026-09-14 14:35:19,910 [INFO] [aegis_speedrunner] -> 🟩 Speedrunner data profiles match registry definitions. Scraping skipped.
2026-09-14 20:04:21,380 [INFO] [aegis_speedrunner] -> ================================================================================
2026-09-14 20:04:21,380 [INFO] [aegis_speedrunner] -> 🚀 Initializing Data Extraction Pipeline Engine: [aegis_speedrunner]
2026-09-14 20:04:21,380 [INFO] [aegis_speedrunner] -> ================================================================================
  2026-09-14 20:04:21,380 [INFO] [aegis_speedrunner] -> 🟩 Speedrunner data profiles match registry definitions. Scraping skipped.
2026-09-15 02:38:21,339 [INFO] [aegis_speedrunner] -> ================================================================================
2026-09-15 02:38:21,339 [INFO] [aegis_speedrunner] -> 🚀 Initializing Data Extraction Pipeline Engine: [aegis_speedrunner]
2026-09-15 02:38:21,339 [INFO] [aegis_speedrunner] -> ================================================================================
  2026-09-15 02:38:21,339 [INFO] [aegis_speedrunner] -> 🟩 Speedrunner data profiles match registry definitions. Scraping skipped.
2026-09-15 13:00:24,314 [INFO] [aegis_speedrunner] -> ================================================================================
2026-09-15 13:00:24,314 [INFO] [aegis_speedrunner] -> 🚀 Initializing Data Extraction Pipeline Engine: [aegis_speedrunner]
2026-09-15 13:00:24,314 [INFO] [aegis_speedrunner] -> ================================================================================
  2026-09-15 13:00:24,315 [INFO] [aegis_speedrunner] -> 🟩 Speedrunner data profiles match registry definitions. Scraping skipped.
2026-09-15 19:22:51,636 [INFO] [aegis_speedrunner] -> ================================================================================
2026-09-15 19:22:51,636 [INFO] [aegis_speedrunner] -> 🚀 Initializing Data Extraction Pipeline Engine: [aegis_speedrunner]
2026-09-15 19:22:51,636 [INFO] [aegis_speedrunner] -> ================================================================================
  2026-09-15 19:22:51,636 [INFO] [aegis_speedrunner] -> 🟩 Speedrunner data profiles match registry definitions. Scraping skipped.
2026-09-16 02:33:07,366 [INFO] [aegis_speedrunner] -> ================================================================================
2026-09-16 02:33:07,366 [INFO] [aegis_speedrunner] -> 🚀 Initializing Data Extraction Pipeline Engine: [aegis_speedrunner]
2026-09-16 02:33:07,366 [INFO] [aegis_speedrunner] -> ================================================================================
  2026-09-16 02:33:07,366 [INFO] [aegis_speedrunner] -> 🟩 Speedrunner data profiles match registry definitions. Scraping skipped.
2026-09-16 12:57:43,617 [INFO] [aegis_speedrunner] -> ================================================================================
2026-09-16 12:57:43,617 [INFO] [aegis_speedrunner] -> 🚀 Initializing Data Extraction Pipeline Engine: [aegis_speedrunner]
2026-09-16 12:57:43,617 [INFO] [aegis_speedrunner] -> ================================================================================
  2026-09-16 12:57:43,617 [INFO] [aegis_speedrunner] -> 🟩 Speedrunner data profiles match registry definitions. Scraping skipped.
2026-09-16 19:13:42,756 [INFO] [aegis_speedrunner] -> ================================================================================
2026-09-16 19:13:42,756 [INFO] [aegis_speedrunner] -> 🚀 Initializing Data Extraction Pipeline Engine: [aegis_speedrunner]
2026-09-16 19:13:42,756 [INFO] [aegis_speedrunner] -> ================================================================================
  2026-09-16 19:13:42,756 [INFO] [aegis_speedrunner] -> 🟩 Speedrunner data profiles match registry definitions. Scraping skipped.
2026-09-17 02:36:56,489 [INFO] [aegis_speedrunner] -> ================================================================================
2026-09-17 02:36:56,489 [INFO] [aegis_speedrunner] -> 🚀 Initializing Data Extraction Pipeline Engine: [aegis_speedrunner]
2026-09-17 02:36:56,489 [INFO] [aegis_speedrunner] -> ================================================================================
  2026-09-17 02:36:56,489 [INFO] [aegis_speedrunner] -> 🟩 Speedrunner data profiles match registry definitions. Scraping skipped.
2026-09-17 12:54:01,901 [INFO] [aegis_speedrunner] -> ================================================================================
2026-09-17 12:54:01,901 [INFO] [aegis_speedrunner] -> 🚀 Initializing Data Extraction Pipeline Engine: [aegis_speedrunner]
2026-09-17 12:54:01,901 [INFO] [aegis_speedrunner] -> ================================================================================
  2026-09-17 12:54:01,901 [INFO] [aegis_speedrunner] -> 🟩 Speedrunner data profiles match registry definitions. Scraping skipped.
2026-09-17 19:25:51,610 [INFO] [aegis_speedrunner] -> ================================================================================
2026-09-17 19:25:51,610 [INFO] [aegis_speedrunner] -> 🚀 Initializing Data Extraction Pipeline Engine: [aegis_speedrunner]
2026-09-17 19:25:51,610 [INFO] [aegis_speedrunner] -> ================================================================================
  2026-09-17 19:25:51,610 [INFO] [aegis_speedrunner] -> 🟩 Speedrunner data profiles match registry definitions. Scraping skipped.
2026-09-18 02:24:20,009 [INFO] [aegis_speedrunner] -> ================================================================================
2026-09-18 02:24:20,009 [INFO] [aegis_speedrunner] -> 🚀 Initializing Data Extraction Pipeline Engine: [aegis_speedrunner]
2026-09-18 02:24:20,009 [INFO] [aegis_speedrunner] -> ================================================================================
  2026-09-18 02:24:20,009 [INFO] [aegis_speedrunner] -> 🟩 Speedrunner data profiles match registry definitions. Scraping skipped.
2026-09-18 12:31:52,266 [INFO] [aegis_speedrunner] -> ================================================================================
2026-09-18 12:31:52,266 [INFO] [aegis_speedrunner] -> 🚀 Initializing Data Extraction Pipeline Engine: [aegis_speedrunner]
2026-09-18 12:31:52,266 [INFO] [aegis_speedrunner] -> ================================================================================
  2026-09-18 12:31:52,266 [INFO] [aegis_speedrunner] -> 🟩 Speedrunner data profiles match registry definitions. Scraping skipped.
2026-09-18 18:45:14,436 [INFO] [aegis_speedrunner] -> ================================================================================
2026-09-18 18:45:14,436 [INFO] [aegis_speedrunner] -> 🚀 Initializing Data Extraction Pipeline Engine: [aegis_speedrunner]
2026-09-18 18:45:14,436 [INFO] [aegis_speedrunner] -> ================================================================================
  2026-09-18 18:45:14,436 [INFO] [aegis_speedrunner] -> 🟩 Speedrunner data profiles match registry definitions. Scraping skipped.
2026-09-19 02:24:29,272 [INFO] [aegis_speedrunner] -> ================================================================================
2026-09-19 02:24:29,272 [INFO] [aegis_speedrunner] -> 🚀 Initializing Data Extraction Pipeline Engine: [aegis_speedrunner]
2026-09-19 02:24:29,272 [INFO] [aegis_speedrunner] -> ================================================================================
  2026-09-19 02:24:29,272 [INFO] [aegis_speedrunner] -> 🟩 Speedrunner data profiles match registry definitions. Scraping skipped.
2026-09-19 12:10:01,293 [INFO] [aegis_speedrunner] -> ================================================================================
2026-09-19 12:10:01,293 [INFO] [aegis_speedrunner] -> 🚀 Initializing Data Extraction Pipeline Engine: [aegis_speedrunner]
2026-09-19 12:10:01,293 [INFO] [aegis_speedrunner] -> ================================================================================
  2026-09-19 12:10:01,294 [INFO] [aegis_speedrunner] -> 🟩 Speedrunner data profiles match registry definitions. Scraping skipped.
2026-09-19 18:18:25,796 [INFO] [aegis_speedrunner] -> ================================================================================
2026-09-19 18:18:25,796 [INFO] [aegis_speedrunner] -> 🚀 Initializing Data Extraction Pipeline Engine: [aegis_speedrunner]
2026-09-19 18:18:25,796 [INFO] [aegis_speedrunner] -> ================================================================================
  2026-09-19 18:18:25,796 [INFO] [aegis_speedrunner] -> 🟩 Speedrunner data profiles match registry definitions. Scraping skipped.
2026-09-20 02:34:33,679 [INFO] [aegis_speedrunner] -> ================================================================================
2026-09-20 02:34:33,679 [INFO] [aegis_speedrunner] -> 🚀 Initializing Data Extraction Pipeline Engine: [aegis_speedrunner]
2026-09-20 02:34:33,679 [INFO] [aegis_speedrunner] -> ================================================================================
  2026-09-20 02:34:33,680 [INFO] [aegis_speedrunner] -> 🟩 Speedrunner data profiles match registry definitions. Scraping skipped.
2026-09-20 12:46:07,922 [INFO] [aegis_speedrunner] -> ================================================================================
2026-09-20 12:46:07,922 [INFO] [aegis_speedrunner] -> 🚀 Initializing Data Extraction Pipeline Engine: [aegis_speedrunner]
2026-09-20 12:46:07,922 [INFO] [aegis_speedrunner] -> ================================================================================
  2026-09-20 12:46:07,922 [INFO] [aegis_speedrunner] -> 🟩 Speedrunner data profiles match registry definitions. Scraping skipped.
2026-09-20 18:23:31,129 [INFO] [aegis_speedrunner] -> ================================================================================
2026-09-20 18:23:31,129 [INFO] [aegis_speedrunner] -> 🚀 Initializing Data Extraction Pipeline Engine: [aegis_speedrunner]
2026-09-20 18:23:31,129 [INFO] [aegis_speedrunner] -> ================================================================================
  2026-09-20 18:23:31,129 [INFO] [aegis_speedrunner] -> 🟩 Speedrunner data profiles match registry definitions. Scraping skipped.
2026-09-21 02:31:56,935 [INFO] [aegis_speedrunner] -> ================================================================================
2026-09-21 02:31:56,935 [INFO] [aegis_speedrunner] -> 🚀 Initializing Data Extraction Pipeline Engine: [aegis_speedrunner]
2026-09-21 02:31:56,935 [INFO] [aegis_speedrunner] -> ================================================================================
  2026-09-21 02:31:56,935 [INFO] [aegis_speedrunner] -> 🟩 Speedrunner data profiles match registry definitions. Scraping skipped.
2026-09-21 14:42:38,218 [INFO] [aegis_speedrunner] -> ================================================================================
2026-09-21 14:42:38,218 [INFO] [aegis_speedrunner] -> 🚀 Initializing Data Extraction Pipeline Engine: [aegis_speedrunner]
2026-09-21 14:42:38,218 [INFO] [aegis_speedrunner] -> ================================================================================
  2026-09-21 14:42:38,219 [INFO] [aegis_speedrunner] -> 🟩 Speedrunner data profiles match registry definitions. Scraping skipped.
2026-09-21 20:12:05,850 [INFO] [aegis_speedrunner] -> ================================================================================
2026-09-21 20:12:05,850 [INFO] [aegis_speedrunner] -> 🚀 Initializing Data Extraction Pipeline Engine: [aegis_speedrunner]
2026-09-21 20:12:05,850 [INFO] [aegis_speedrunner] -> ================================================================================
  2026-09-21 20:12:05,850 [INFO] [aegis_speedrunner] -> 🟩 Speedrunner data profiles match registry definitions. Scraping skipped.
2026-09-22 02:34:31,472 [INFO] [aegis_speedrunner] -> ================================================================================
2026-09-22 02:34:31,472 [INFO] [aegis_speedrunner] -> 🚀 Initializing Data Extraction Pipeline Engine: [aegis_speedrunner]
2026-09-22 02:34:31,472 [INFO] [aegis_speedrunner] -> ================================================================================
  2026-09-22 02:34:31,472 [INFO] [aegis_speedrunner] -> 🟩 Speedrunner data profiles match registry definitions. Scraping skipped.
2026-09-22 12:57:41,709 [INFO] [aegis_speedrunner] -> ================================================================================
2026-09-22 12:57:41,710 [INFO] [aegis_speedrunner] -> 🚀 Initializing Data Extraction Pipeline Engine: [aegis_speedrunner]
2026-09-22 12:57:41,710 [INFO] [aegis_speedrunner] -> ================================================================================
  2026-09-22 12:57:41,710 [INFO] [aegis_speedrunner] -> 🟩 Speedrunner data profiles match registry definitions. Scraping skipped.
2026-09-22 19:25:18,504 [INFO] [aegis_speedrunner] -> ================================================================================
2026-09-22 19:25:18,504 [INFO] [aegis_speedrunner] -> 🚀 Initializing Data Extraction Pipeline Engine: [aegis_speedrunner]
2026-09-22 19:25:18,504 [INFO] [aegis_speedrunner] -> ================================================================================
  2026-09-22 19:25:18,504 [INFO] [aegis_speedrunner] -> 🟩 Speedrunner data profiles match registry definitions. Scraping skipped.
2026-09-23 02:34:50,298 [INFO] [aegis_speedrunner] -> ================================================================================
2026-09-23 02:34:50,298 [INFO] [aegis_speedrunner] -> 🚀 Initializing Data Extraction Pipeline Engine: [aegis_speedrunner]
2026-09-23 02:34:50,299 [INFO] [aegis_speedrunner] -> ================================================================================
  2026-09-23 02:34:50,299 [INFO] [aegis_speedrunner] -> 🟩 Speedrunner data profiles match registry definitions. Scraping skipped.
2026-09-23 13:09:02,503 [INFO] [aegis_speedrunner] -> ================================================================================
2026-09-23 13:09:02,503 [INFO] [aegis_speedrunner] -> 🚀 Initializing Data Extraction Pipeline Engine: [aegis_speedrunner]
2026-09-23 13:09:02,503 [INFO] [aegis_speedrunner] -> ================================================================================
  2026-09-23 13:09:02,503 [INFO] [aegis_speedrunner] -> 🟩 Speedrunner data profiles match registry definitions. Scraping skipped.
2026-09-23 19:21:01,045 [INFO] [aegis_speedrunner] -> ================================================================================
2026-09-23 19:21:01,045 [INFO] [aegis_speedrunner] -> 🚀 Initializing Data Extraction Pipeline Engine: [aegis_speedrunner]
2026-09-23 19:21:01,045 [INFO] [aegis_speedrunner] -> ================================================================================
  2026-09-23 19:21:01,045 [INFO] [aegis_speedrunner] -> 🟩 Speedrunner data profiles match registry definitions. Scraping skipped.
2026-09-24 02:24:15,966 [INFO] [aegis_speedrunner] -> ================================================================================
2026-09-24 02:24:15,966 [INFO] [aegis_speedrunner] -> 🚀 Initializing Data Extraction Pipeline Engine: [aegis_speedrunner]
2026-09-24 02:24:15,966 [INFO] [aegis_speedrunner] -> ================================================================================
  2026-09-24 02:24:15,966 [INFO] [aegis_speedrunner] -> 🟩 Speedrunner data profiles match registry definitions. Scraping skipped.
2026-09-24 13:02:33,796 [INFO] [aegis_speedrunner] -> ================================================================================
2026-09-24 13:02:33,796 [INFO] [aegis_speedrunner] -> 🚀 Initializing Data Extraction Pipeline Engine: [aegis_speedrunner]
2026-09-24 13:02:33,797 [INFO] [aegis_speedrunner] -> ================================================================================
  2026-09-24 13:02:33,797 [INFO] [aegis_speedrunner] -> 🟩 Speedrunner data profiles match registry definitions. Scraping skipped.
2026-09-24 19:38:23,546 [INFO] [aegis_speedrunner] -> ================================================================================
2026-09-24 19:38:23,546 [INFO] [aegis_speedrunner] -> 🚀 Initializing Data Extraction Pipeline Engine: [aegis_speedrunner]
2026-09-24 19:38:23,546 [INFO] [aegis_speedrunner] -> ================================================================================
  2026-09-24 19:38:23,546 [INFO] [aegis_speedrunner] -> 🟩 Speedrunner data profiles match registry definitions. Scraping skipped.
